To honour the JVM settings for this build a single-use Daemon process will be forked. For more on this, please refer to https://docs.gradle.org/8.7/userguide/gradle_daemon.html#sec:disabling_the_daemon in the Gradle documentation.
Daemon will be stopped at the end of the build
> Task :app:checkKotlinGradlePluginConfigurationErrors SKIPPED
> Task :app:preBuild UP-TO-DATE
> Task :app:preDebugBuild UP-TO-DATE
> Task :app:checkDebugAarMetadata UP-TO-DATE
> Task :app:generateDebugResValues UP-TO-DATE
> Task :app:mapDebugSourceSetPaths UP-TO-DATE
> Task :app:generateDebugResources UP-TO-DATE
> Task :app:mergeDebugResources UP-TO-DATE
> Task :app:packageDebugResources UP-TO-DATE
> Task :app:parseDebugLocalResources UP-TO-DATE
> Task :app:createDebugCompatibleScreenManifests UP-TO-DATE
> Task :app:extractDeepLinksDebug UP-TO-DATE
> Task :app:processDebugMainManifest FAILED

FAILURE: Build failed with an exception.

* What went wrong:
A problem was found with the configuration of task ':app:processDebugMainManifest' (type 'ProcessApplicationManifest').
  - In plugin 'com.android.internal.version-check' type 'com.android.build.gradle.tasks.ProcessApplicationManifest' property 'mainManifest' specifies file '/app/app/src/main/AndroidManifest.xml' which doesn't exist.

    Reason: An input file was expected to be present but it doesn't exist.

    Possible solutions:
      1. Make sure the file exists before the task is called.
      2. Make sure that the task which produces the file is declared as an input.

    For more information, please refer to https://docs.gradle.org/8.7/userguide/validation_problems.html#input_file_does_not_exist in the Gradle documentation.

* Try:
> Run with --stacktrace option to get the stack trace.
> Run with --info or --debug option to get more log output.
> Run with --scan to get full insights.
> Get more help at https://help.gradle.org.

BUILD FAILED in 15s
10 actionable tasks: 1 executed, 9 up-to-date
